Initial state: Robot at 4, 5 (1 gold)
+--------------------+
|     #              |
|  **          -     |
| #         #        |
|                    |
| O                  |
|    R#      +   #   |
|                    |
|  ####              |
|              ##    |
|                    |
+--------------------+
========================================
Executing seesw

Error: robot with current status of Robot at 6, 7 (1 gold) broke while executing seesw
+--------------------+
|     #              |
|  **          -     |
| #         #        |
|                    |
| O                  |
|     #      +   #   |
|                    |
|  ####R             |
|              ##    |
|                    |
+--------------------+
========================================
