Initial state: Robot at 19, 9 (0 gold)
+--------------------+
|    **# ########    |
|  # ** #*    *      |
| #  ** =*...*#*     |
| #     #*    *      |
|  #   #*    #B#     |
|       *    #  #####|
|     #####  #    # *|
|    #     ### # #  *|
|  ##        S       |
|             ######R|
+--------------------+
========================================
Executing n
Robot at 19, 8 (0 gold)
+--------------------+
|    **# ########    |
|  # ** #*    *      |
| #  ** =*...*#*     |
| #     #*    *      |
|  #   #*    #B#     |
|       *    #  #####|
|     #####  #    # *|
|    #     ### # #  *|
|  ##        S      R|
|             ###### |
+--------------------+
Executing wnee

Error: robot with current status of Robot at 19, 7 (1 gold) broke while executing wnee
+--------------------+
|    **# ########    |
|  # ** #*    *      |
| #  ** =*...*#*     |
| #     #*    *      |
|  #   #*    #B#     |
|       *    #  #####|
|     #####  #    # *|
|    #     ### # #  R|
|  ##        S       |
|             ###### |
+--------------------+
========================================
