Initial state: Robot at 19, 9 (0 gold)
+--------------------+
|+------------------+|
||                  ||
||                  ||
||                  ||
||                  ||
||                  ||
||                  ||
|*                  ||
||                  ||
|+------------------R|
+--------------------+
========================================
Executing NS
Robot at 19, 9 (0 gold)
+--------------------+
|+------------------+|
||                  ||
||                  ||
||                  ||
||                  ||
||                  ||
||                  ||
|*                  ||
||                  ||
|+------------------R|
+--------------------+
Executing WWWWWWNW
Robot at 12, 8 (0 gold)
+--------------------+
|+------------------+|
||                  ||
||                  ||
||                  ||
||                  ||
||                  ||
||                  ||
|*                  ||
||           R      ||
|+------------------+|
+--------------------+
Executing swWWWWWWWWWW
Robot at 1, 9 (0 gold)
+--------------------+
|+------------------+|
||                  ||
||                  ||
||                  ||
||                  ||
||                  ||
||                  ||
|*                  ||
||                  ||
|+R-----------------+|
+--------------------+
Executing NW
Robot at 0, 8 (0 gold)
+--------------------+
|+------------------+|
||                  ||
||                  ||
||                  ||
||                  ||
||                  ||
||                  ||
|*                  ||
|R                  ||
|+------------------+|
+--------------------+
Executing NE
Robot at 1, 7 (1 gold)
+--------------------+
|+------------------+|
||                  ||
||                  ||
||                  ||
||                  ||
||                  ||
||                  ||
| R                 ||
||                  ||
|+------------------+|
+--------------------+
Executing W
Robot at 0, 7 (1 gold)
+--------------------+
|+------------------+|
||                  ||
||                  ||
||                  ||
||                  ||
||                  ||
||                  ||
|R                  ||
||                  ||
|+------------------+|
+--------------------+
Executing W

Error: robot with current status of Robot at 0, 7 (1 gold) broke while executing W
+--------------------+
|+------------------+|
||                  ||
||                  ||
||                  ||
||                  ||
||                  ||
||                  ||
|R                  ||
||                  ||
|+------------------+|
+--------------------+
========================================
