Initial state: Robot at 19, 9 (0 gold)
+--------------------+
|+------------------+|
||                  ||
||                  ||
||                  ||
||                  ||
||                  ||
||                  ||
|*TTT*TTT           ||
||                  ||
|+------------------R|
+--------------------+
========================================
Executing N
Robot at 19, 8 (0 gold)
+--------------------+
|+------------------+|
||                  ||
||                  ||
||                  ||
||                  ||
||                  ||
||                  ||
|*TTT*TTT           ||
||                  R|
|+------------------+|
+--------------------+
Executing WWWWWWNW
Robot at 12, 7 (0 gold)
+--------------------+
|+------------------+|
||                  ||
||                  ||
||                  ||
||                  ||
||                  ||
||                  ||
|*TTT*TTT    R      ||
||                  ||
|+------------------+|
+--------------------+
Executing wWWWWWWWWWW
Robot now owes the bank 1 pieces.
Robot now owes the bank 2 pieces.
Robot now owes the bank 3 pieces.
Robot now owes the bank 3 pieces.
Robot now owes the bank 4 pieces.
Robot now owes the bank 5 pieces.
Robot at 1, 7 (-5 gold)
+--------------------+
|+------------------+|
||                  ||
||                  ||
||                  ||
||                  ||
||                  ||
||                  ||
|*RTT TTT           ||
||                  ||
|+------------------+|
+--------------------+
Executing W
Robot at 0, 7 (-4 gold)
+--------------------+
|+------------------+|
||                  ||
||                  ||
||                  ||
||                  ||
||                  ||
||                  ||
|RTTT TTT           ||
||                  ||
|+------------------+|
+--------------------+
Executing E
Robot now owes the bank 5 pieces.
Robot at 1, 7 (-5 gold)
+--------------------+
|+------------------+|
||                  ||
||                  ||
||                  ||
||                  ||
||                  ||
||                  ||
| RTT TTT           ||
||                  ||
|+------------------+|
+--------------------+
Executing W
Robot at 0, 7 (-5 gold)
+--------------------+
|+------------------+|
||                  ||
||                  ||
||                  ||
||                  ||
||                  ||
||                  ||
|RTTT TTT           ||
||                  ||
|+------------------+|
+--------------------+
========================================
Robot has completed its task.
